Archive member included to satisfy reference by file (symbol)

C:/ST/STM32CubeIDE_1.19.0/STM32CubeIDE/plugins/com.st.stm32cube.ide.mcu.externaltools.gnu-tools-for-stm32.13.3.rel1.win32_1.0.0.202411081344/tools/bin/../lib/gcc/arm-none-eabi/13.3.1/../../../../arm-none-eabi/lib/thumb/v7e-m+fp/hard\libc_nano.a(libc_a-exit.o)
                              C:/ST/STM32CubeIDE_1.19.0/STM32CubeIDE/plugins/com.st.stm32cube.ide.mcu.externaltools.gnu-tools-for-stm32.13.3.rel1.win32_1.0.0.202411081344/tools/bin/../lib/gcc/arm-none-eabi/13.3.1/../../../../arm-none-eabi/lib/thumb/v7e-m+fp/hard/crt0.o (exit)
C:/ST/STM32CubeIDE_1.19.0/STM32CubeIDE/plugins/com.st.stm32cube.ide.mcu.externaltools.gnu-tools-for-stm32.13.3.rel1.win32_1.0.0.202411081344/tools/bin/../lib/gcc/arm-none-eabi/13.3.1/../../../../arm-none-eabi/lib/thumb/v7e-m+fp/hard\libc_nano.a(libc_a-itoa.o)
                              ./Services/src/USART_Baremetal.o (itoa)
C:/ST/STM32CubeIDE_1.19.0/STM32CubeIDE/plugins/com.st.stm32cube.ide.mcu.externaltools.gnu-tools-for-stm32.13.3.rel1.win32_1.0.0.202411081344/tools/bin/../lib/gcc/arm-none-eabi/13.3.1/../../../../arm-none-eabi/lib/thumb/v7e-m+fp/hard\libc_nano.a(libc_a-utoa.o)
                              C:/ST/STM32CubeIDE_1.19.0/STM32CubeIDE/plugins/com.st.stm32cube.ide.mcu.externaltools.gnu-tools-for-stm32.13.3.rel1.win32_1.0.0.202411081344/tools/bin/../lib/gcc/arm-none-eabi/13.3.1/../../../../arm-none-eabi/lib/thumb/v7e-m+fp/hard\libc_nano.a(libc_a-itoa.o) (__utoa)
C:/ST/STM32CubeIDE_1.19.0/STM32CubeIDE/plugins/com.st.stm32cube.ide.mcu.externaltools.gnu-tools-for-stm32.13.3.rel1.win32_1.0.0.202411081344/tools/bin/../lib/gcc/arm-none-eabi/13.3.1/../../../../arm-none-eabi/lib/thumb/v7e-m+fp/hard\libc_nano.a(libc_a-findfp.o)
                              C:/ST/STM32CubeIDE_1.19.0/STM32CubeIDE/plugins/com.st.stm32cube.ide.mcu.externaltools.gnu-tools-for-stm32.13.3.rel1.win32_1.0.0.202411081344/tools/bin/../lib/gcc/arm-none-eabi/13.3.1/../../../../arm-none-eabi/lib/thumb/v7e-m+fp/hard\libc_nano.a(libc_a-exit.o) (__stdio_exit_handler)
C:/ST/STM32CubeIDE_1.19.0/STM32CubeIDE/plugins/com.st.stm32cube.ide.mcu.externaltools.gnu-tools-for-stm32.13.3.rel1.win32_1.0.0.202411081344/tools/bin/../lib/gcc/arm-none-eabi/13.3.1/../../../../arm-none-eabi/lib/thumb/v7e-m+fp/hard\libc_nano.a(libc_a-fwalk.o)
                              C:/ST/STM32CubeIDE_1.19.0/STM32CubeIDE/plugins/com.st.stm32cube.ide.mcu.externaltools.gnu-tools-for-stm32.13.3.rel1.win32_1.0.0.202411081344/tools/bin/../lib/gcc/arm-none-eabi/13.3.1/../../../../arm-none-eabi/lib/thumb/v7e-m+fp/hard\libc_nano.a(libc_a-findfp.o) (_fwalk_sglue)
C:/ST/STM32CubeIDE_1.19.0/STM32CubeIDE/plugins/com.st.stm32cube.ide.mcu.externaltools.gnu-tools-for-stm32.13.3.rel1.win32_1.0.0.202411081344/tools/bin/../lib/gcc/arm-none-eabi/13.3.1/../../../../arm-none-eabi/lib/thumb/v7e-m+fp/hard\libc_nano.a(libc_a-stdio.o)
                              C:/ST/STM32CubeIDE_1.19.0/STM32CubeIDE/plugins/com.st.stm32cube.ide.mcu.externaltools.gnu-tools-for-stm32.13.3.rel1.win32_1.0.0.202411081344/tools/bin/../lib/gcc/arm-none-eabi/13.3.1/../../../../arm-none-eabi/lib/thumb/v7e-m+fp/hard\libc_nano.a(libc_a-findfp.o) (__sread)
C:/ST/STM32CubeIDE_1.19.0/STM32CubeIDE/plugins/com.st.stm32cube.ide.mcu.externaltools.gnu-tools-for-stm32.13.3.rel1.win32_1.0.0.202411081344/tools/bin/../lib/gcc/arm-none-eabi/13.3.1/../../../../arm-none-eabi/lib/thumb/v7e-m+fp/hard\libc_nano.a(libc_a-memset.o)
                              C:/ST/STM32CubeIDE_1.19.0/STM32CubeIDE/plugins/com.st.stm32cube.ide.mcu.externaltools.gnu-tools-for-stm32.13.3.rel1.win32_1.0.0.202411081344/tools/bin/../lib/gcc/arm-none-eabi/13.3.1/../../../../arm-none-eabi/lib/thumb/v7e-m+fp/hard/crt0.o (memset)
C:/ST/STM32CubeIDE_1.19.0/STM32CubeIDE/plugins/com.st.stm32cube.ide.mcu.externaltools.gnu-tools-for-stm32.13.3.rel1.win32_1.0.0.202411081344/tools/bin/../lib/gcc/arm-none-eabi/13.3.1/../../../../arm-none-eabi/lib/thumb/v7e-m+fp/hard\libc_nano.a(libc_a-closer.o)
                              C:/ST/STM32CubeIDE_1.19.0/STM32CubeIDE/plugins/com.st.stm32cube.ide.mcu.externaltools.gnu-tools-for-stm32.13.3.rel1.win32_1.0.0.202411081344/tools/bin/../lib/gcc/arm-none-eabi/13.3.1/../../../../arm-none-eabi/lib/thumb/v7e-m+fp/hard\libc_nano.a(libc_a-stdio.o) (_close_r)
C:/ST/STM32CubeIDE_1.19.0/STM32CubeIDE/plugins/com.st.stm32cube.ide.mcu.externaltools.gnu-tools-for-stm32.13.3.rel1.win32_1.0.0.202411081344/tools/bin/../lib/gcc/arm-none-eabi/13.3.1/../../../../arm-none-eabi/lib/thumb/v7e-m+fp/hard\libc_nano.a(libc_a-reent.o)
                              C:/ST/STM32CubeIDE_1.19.0/STM32CubeIDE/plugins/com.st.stm32cube.ide.mcu.externaltools.gnu-tools-for-stm32.13.3.rel1.win32_1.0.0.202411081344/tools/bin/../lib/gcc/arm-none-eabi/13.3.1/../../../../arm-none-eabi/lib/thumb/v7e-m+fp/hard\libc_nano.a(libc_a-closer.o) (errno)
[...]
Memory Configuration

Name             Origin             Length             Attributes
RAM              0x20000000         0x00018000         xrw
FLASH            0x08000000         0x00080000         xr
*default*        0x00000000         0xffffffff

Linker script and memory map

LOAD C:/ST/STM32CubeIDE_1.19.0/STM32CubeIDE/plugins/com.st.stm32cube.ide.mcu.externaltools.gnu-tools-for-stm32.13.3.rel1.win32_1.0.0.202411081344/tools/bin/../lib/gcc/arm-none-eabi/13.3.1/thumb/v7e-m+fp/hard/crti.o
LOAD C:/ST/STM32CubeIDE_1.19.0/STM32CubeIDE/plugins/com.st.stm32cube.ide.mcu.externaltools.gnu-tools-for-stm32.13.3.rel1.win32_1.0.0.202411081344/tools/bin/../lib/gcc/arm-none-eabi/13.3.1/thumb/v7e-m+fp/hard/crtbegin.o
LOAD C:/ST/STM32CubeIDE_1.19.0/STM32CubeIDE/plugins/com.st.stm32cube.ide.mcu.externaltools.gnu-tools-for-stm32.13.3.rel1.win32_1.0.0.202411081344/tools/bin/../lib/gcc/arm-none-eabi/13.3.1/../../../../arm-none-eabi/lib/thumb/v7e-m+fp/hard/crt0.o
LOAD ./Core/Src2/main.o
LOAD ./Core/Src2/syscalls.o
LOAD ./Core/Src2/sysmem.o
LOAD ./Core/Startup2/startup_stm32f401retx.o
LOAD ./Drivers/src/stm32f401xx_gpio_driver.o
LOAD ./Drivers/src/stm32f401xx_i2c_driver.o
LOAD ./Drivers/src/stm32f401xx_rcc_driver.o
LOAD ./Drivers/src/stm32f401xx_spi_driver.o
LOAD ./Drivers/src/stm32f401xx_usart_driver.o
LOAD ./Services/src/TIMERs_Baremetal.o
LOAD ./Services/src/USART_Baremetal.o
LOAD ./Services/src/printf.o
START GROUP
LOAD C:/ST/STM32CubeIDE_1.19.0/STM32CubeIDE/plugins/com.st.stm32cube.ide.mcu.externaltools.gnu-tools-for-stm32.13.3.rel1.win32_1.0.0.202411081344/tools/bin/../lib/gcc/arm-none-eabi/13.3.1/../../../../arm-none-eabi/lib/thumb/v7e-m+fp/hard\libc_nano.a
LOAD C:/ST/STM32CubeIDE_1.19.0/STM32CubeIDE/plugins/com.st.stm32cube.ide.mcu.externaltools.gnu-tools-for-stm32.13.3.rel1.win32_1.0.0.202411081344/tools/bin/../lib/gcc/arm-none-eabi/13.3.1/../../../../arm-none-eabi/lib/thumb/v7e-m+fp/hard\libm.a
END GROUP
START GROUP
LOAD C:/ST/STM32CubeIDE_1.19.0/STM32CubeIDE/plugins/com.st.stm32cube.ide.mcu.externaltools.gnu-tools-for-stm32.13.3.rel1.win32_1.0.0.202411081344/tools/bin/../lib/gcc/arm-none-eabi/13.3.1/thumb/v7e-m+fp/hard\libgcc.a
LOAD C:/ST/STM32CubeIDE_1.19.0/STM32CubeIDE/plugins/com.st.stm32cube.ide.mcu.externaltools.gnu-tools-for-stm32.13.3.rel1.win32_1.0.0.202411081344/tools/bin/../lib/gcc/arm-none-eabi/13.3.1/../../../../arm-none-eabi/lib/thumb/v7e-m+fp/hard\libc_nano.a
END GROUP
START GROUP
LOAD C:/ST/STM32CubeIDE_1.19.0/STM32CubeIDE/plugins/com.st.stm32cube.ide.mcu.externaltools.gnu-tools-for-stm32.13.3.rel1.win32_1.0.0.202411081344/tools/bin/../lib/gcc/arm-none-eabi/13.3.1/thumb/v7e-m+fp/hard\libgcc.a
LOAD C:/ST/STM32CubeIDE_1.19.0/STM32CubeIDE/plugins/com.st.stm32cube.ide.mcu.externaltools.gnu-tools-for-stm32.13.3.rel1.win32_1.0.0.202411081344/tools/bin/../lib/gcc/arm-none-eabi/13.3.1/../../../../arm-none-eabi/lib/thumb/v7e-m+fp/hard\libc_nano.a
LOAD C:/ST/STM32CubeIDE_1.19.0/STM32CubeIDE/plugins/com.st.stm32cube.ide.mcu.externaltools.gnu-tools-for-stm32.13.3.rel1.win32_1.0.0.202411081344/tools/bin/../lib/gcc/arm-none-eabi/13.3.1/../../../../arm-none-eabi/lib/thumb/v7e-m+fp/hard\libnosys.a
END GROUP
START GROUP
LOAD C:/ST/STM32CubeIDE_1.19.0/STM32CubeIDE/plugins/com.st.stm32cube.ide.mcu.externaltools.gnu-tools-for-stm32.13.3.rel1.win32_1.0.0.202411081344/tools/bin/../lib/gcc/arm-none-eabi/13.3.1/thumb/v7e-m+fp/hard\libgcc.a
LOAD C:/ST/STM32CubeIDE_1.19.0/STM32CubeIDE/plugins/com.st.stm32cube.ide.mcu.externaltools.gnu-tools-for-stm32.13.3.rel1.win32_1.0.0.202411081344/tools/bin/../lib/gcc/arm-none-eabi/13.3.1/../../../../arm-none-eabi/lib/thumb/v7e-m+fp/hard\libc_nano.a
LOAD C:/ST/STM32CubeIDE_1.19.0/STM32CubeIDE/plugins/com.st.stm32cube.ide.mcu.externaltools.gnu-tools-for-stm32.13.3.rel1.win32_1.0.0.202411081344/tools/bin/../lib/gcc/arm-none-eabi/13.3.1/../../../../arm-none-eabi/lib/thumb/v7e-m+fp/hard\libnosys.a
END GROUP
LOAD C:/ST/STM32CubeIDE_1.19.0/STM32CubeIDE/plugins/com.st.stm32cube.ide.mcu.externaltools.gnu-tools-for-stm32.13.3.rel1.win32_1.0.0.202411081344/tools/bin/../lib/gcc/arm-none-eabi/13.3.1/thumb/v7e-m+fp/hard/crtend.o
LOAD C:/ST/STM32CubeIDE_1.19.0/STM32CubeIDE/plugins/com.st.stm32cube.ide.mcu.externaltools.gnu-tools-for-stm32.13.3.rel1.win32_1.0.0.202411081344/tools/bin/../lib/gcc/arm-none-eabi/13.3.1/thumb/v7e-m+fp/hard/crtn.o
                0x20018000                        _estack = (ORIGIN (RAM) + LENGTH (RAM))
                0x00000200                        _Min_Heap_Size = 0x200
                0x00000400                        _Min_Stack_Size = 0x400

.isr_vector     0x08000000      0x194
                0x08000000                        . = ALIGN (0x4)
 *(.isr_vector)
 .isr_vector    0x08000000      0x194 ./Core/Startup2/startup_stm32f401retx.o
                0x08000000                g_pfnVectors
                0x08000194                        . = ALIGN (0x4)

.text           0x08000194     0x11e0
                0x08000194                        . = ALIGN (0x4)
 *(.text)
 .text          0x08000194       0x40 C:/ST/STM32CubeIDE_1.19.0/STM32CubeIDE/plugins/com.st.stm32cube.ide.mcu.externaltools.gnu-tools-for-stm32.13.3.rel1.win32_1.0.0.202411081344/tools/bin/../lib/gcc/arm-none-eabi/13.3.1/thumb/v7e-m+fp/hard/crtbegin.o
 *(.text*)
 .text.ConfigureI2c_GpioPins
                0x080001d4       0x70 ./Core/Src2/main.o
                0x080001d4                ConfigureI2c_GpioPins
 .text.RTC_ConvertDecToBCD
                0x08000244       0x4c ./Core/Src2/main.o
 .text.RTC_ConvertBCDToDec
                0x08000290       0x34 ./Core/Src2/main.o
 .text.main     0x080002c4      0x13c ./Core/Src2/main.o
                0x080002c4                main
 .text.Reset_Handler
                0x08000400       0x50 ./Core/Startup2/startup_stm32f401retx.o
                0x08000400                Reset_Handler
 .text.Default_Handler
                0x08000450        0x2 ./Core/Startup2/startup_stm32f401retx.o
                0x08000450                EXTI2_IRQHandler
                0x08000450                DebugMon_Handler
                0x08000450                SPI4_IRQHandler
                0x08000450                TIM1_CC_IRQHandler
                0x08000450                DMA2_Stream5_IRQHandler
                0x08000450                HardFault_Handler
                0x08000450                DMA1_Stream5_IRQHandler
                0x08000450                SysTick_Handler
                0x08000450                SDIO_IRQHandler
                0x08000450                TAMP_STAMP_IRQHandler
                0x08000450                PendSV_Handler
                0x08000450                NMI_Handler
                0x08000450                EXTI3_IRQHandler
                0x08000450                TIM1_UP_TIM10_IRQHandler
                0x08000450                I2C3_ER_IRQHandler
                0x08000450                EXTI18_OTG_FS_WKUP_IRQHandler
                0x08000450                EXTI0_IRQHandler
                0x08000450                I2C2_EV_IRQHandler
                0x08000450                DMA1_Stream2_IRQHandler
                0x08000450                UsageFault_Handler
                0x08000450                DMA2_Stream2_IRQHandler
                0x08000450                SPI1_IRQHandler
                0x08000450                TIM1_BRK_TIM9_IRQHandler
                0x08000450                DMA2_Stream3_IRQHandler
                0x08000450                USART6_IRQHandler
                0x08000450                DMA2_Stream0_IRQHandler
                0x08000450                TIM4_IRQHandler
                0x08000450                I2C1_EV_IRQHandler
                0x08000450                DMA1_Stream6_IRQHandler
                0x08000450                DMA1_Stream1_IRQHandler
                0x08000450                RCC_IRQHandler
                0x08000450                Default_Handler
                0x08000450                EXTI15_10_IRQHandler
                0x08000450                ADC_IRQHandler
                0x08000450                DMA1_Stream7_IRQHandler
                0x08000450                DMA2_Stream7_IRQHandler
                0x08000450                I2C3_EV_IRQHandler
                0x08000450                EXTI9_5_IRQHandler
                0x08000450                SPI2_IRQHandler
                0x08000450                MemManage_Handler
                0x08000450                DMA1_Stream0_IRQHandler
                0x08000450                SVC_Handler
                0x08000450                EXTI4_IRQHandler
                0x08000450                EXTI22_RTC_WKUP_IRQHandler
                0x08000450                TIM2_IRQHandler
                0x08000450                EXTI16_PVD_IRQHandler
                0x08000450                TIM1_TRG_COM_TIM11_IRQHandler
                0x08000450                EXTI1_IRQHandler
                0x08000450                EXTI17_RTC_Alarm_IRQHandler
                0x08000450                USART2_IRQHandler
                0x08000450                I2C2_ER_IRQHandler
                0x08000450                DMA2_Stream1_IRQHandler
                0x08000450                FLASH_IRQHandler
                0x08000450                DMA2_Stream4_IRQHandler
                0x08000450                BusFault_Handler
                0x08000450                USART1_IRQHandler
                0x08000450                OTG_FS_IRQHandler
                0x08000450                SPI3_IRQHandler
                0x08000450                DMA1_Stream4_IRQHandler
                0x08000450                I2C1_ER_IRQHandler
                0x08000450                DMA2_Stream6_IRQHandler
                0x08000450                DMA1_Stream3_IRQHandler
 *fill*         0x08000452        0x2 
 .text.GPIO_PeriClockControl
                0x08000454      0x140 ./Drivers/src/stm32f401xx_gpio_driver.o
                0x08000454                GPIO_PeriClockControl
 .text.GPIO_Init
                0x08000594      0x2fc ./Drivers/src/stm32f401xx_gpio_driver.o
                0x08000594                GPIO_Init
 .text.I2C_GenerateStartCondition
                0x08000890       0x20 ./Drivers/src/stm32f401xx_i2c_driver.o
 .text.I2C_ExecuteAddressPhaseWrite
                0x080008b0       0x2c ./Drivers/src/stm32f401xx_i2c_driver.o
 .text.I2C_ExecuteAddressPhaseRead
                0x080008dc       0x2c ./Drivers/src/stm32f401xx_i2c_driver.o
 .text.I2C_ClearADDRFlag
                0x08000908       0x6e ./Drivers/src/stm32f401xx_i2c_driver.o
 .text.I2C_GenerateStopCondition
                0x08000976       0x20 ./Drivers/src/stm32f401xx_i2c_driver.o
                0x08000976                I2C_GenerateStopCondition
 .text.I2C_PeripheralControl
                0x08000996       0x38 ./Drivers/src/stm32f401xx_i2c_driver.o
                0x08000996                I2C_PeripheralControl
 *fill*         0x080009ce        0x2 
 .text.I2C_PeriClockControl
                0x080009d0       0xb0 ./Drivers/src/stm32f401xx_i2c_driver.o
                0x080009d0                I2C_PeriClockControl
 .text.I2C_Init
                0x08000a80      0x160 ./Drivers/src/stm32f401xx_i2c_driver.o
                0x08000a80                I2C_Init
 .text.I2C_GetFlagStatus
                0x08000be0       0x28 ./Drivers/src/stm32f401xx_i2c_driver.o
                0x08000be0                I2C_GetFlagStatus
 .text.I2C_MasterSendData
                0x08000c08       0xc6 ./Drivers/src/stm32f401xx_i2c_driver.o
                0x08000c08                I2C_MasterSendData
 .text.I2C_MasterReceiveData
                0x08000cce      0x124 ./Drivers/src/stm32f401xx_i2c_driver.o
                0x08000cce                I2C_MasterReceiveData
 .text.I2C_ManageAcking
                0x08000df2       0x38 ./Drivers/src/stm32f401xx_i2c_driver.o
                0x08000df2                I2C_ManageAcking
 *fill*         0x08000e2a        0x2 
 .text.RCC_GetPCLK1Value
                0x08000e2c       0xb0 ./Drivers/src/stm32f401xx_rcc_driver.o
                0x08000e2c                RCC_GetPCLK1Value
 .text.RCC_GetPLLOutputClock
                0x08000edc      0x104 ./Drivers/src/stm32f401xx_rcc_driver.o
                0x08000edc                RCC_GetPLLOutputClock
 .text.Timer_Delay_Creation
                0x08000fe0       0x48 ./Services/src/TIMERs_Baremetal.o
                0x08000fe0                Timer_Delay_Creation
 .text.delay_ms
                0x08001028       0x4a ./Services/src/TIMERs_Baremetal.o
                0x08001028                delay_ms
 *fill*         0x08001072        0x2 
 .text.TIM5_IRQHandler
                0x08001074       0x3c ./Services/src/TIMERs_Baremetal.o
                0x08001074                TIM5_IRQHandler
 .text.TIM3_IRQHandler
                0x080010b0       0x2c ./Services/src/TIMERs_Baremetal.o
                0x080010b0                TIM3_IRQHandler
 .text.USART_Configuration
                0x080010dc       0xf8 ./Services/src/USART_Baremetal.o
                0x080010dc                USART_Configuration
 .text.USART_Transmission
                0x080011d4       0x30 ./Services/src/USART_Baremetal.o
                0x080011d4                USART_Transmission
 .text.USART_Send_String
                0x08001204       0x2c ./Services/src/USART_Baremetal.o
                0x08001204                USART_Send_String
 .text.USART_Send_Number
                0x08001230       0x2a ./Services/src/USART_Baremetal.o
                0x08001230                USART_Send_Number
 .text.__itoa   0x0800125a       0x30 C:/ST/STM32CubeIDE_1.19.0/STM32CubeIDE/plugins/com.st.stm32cube.ide.mcu.externaltools.gnu-tools-for-stm32.13.3.rel1.win32_1.0.0.202411081344/tools/bin/../lib/gcc/arm-none-eabi/13.3.1/../../../../arm-none-eabi/lib/thumb/v7e-m+fp/hard\libc_nano.a(libc_a-itoa.o)
                0x0800125a                __itoa
 .text.itoa     0x0800128a        0x4 C:/ST/STM32CubeIDE_1.19.0/STM32CubeIDE/plugins/com.st.stm32cube.ide.mcu.externaltools.gnu-tools-for-stm32.13.3.rel1.win32_1.0.0.202411081344/tools/bin/../lib/gcc/arm-none-eabi/13.3.1/../../../../arm-none-eabi/lib/thumb/v7e-m+fp/hard\libc_nano.a(libc_a-itoa.o)
                0x0800128a                itoa
 *fill*         0x0800128e        0x2 
 .text.__utoa   0x08001290       0x84 C:/ST/STM32CubeIDE_1.19.0/STM32CubeIDE/plugins/com.st.stm32cube.ide.mcu.externaltools.gnu-tools-for-stm32.13.3.rel1.win32_1.0.0.202411081344/tools/bin/../lib/gcc/arm-none-eabi/13.3.1/../../../../arm-none-eabi/lib/thumb/v7e-m+fp/hard\libc_nano.a(libc_a-utoa.o)
                0x08001290                __utoa
 .text.__libc_init_array
                0x08001314       0x48 C:/ST/STM32CubeIDE_1.19.0/STM32CubeIDE/plugins/com.st.stm32cube.ide.mcu.externaltools.gnu-tools-for-stm32.13.3.rel1.win32_1.0.0.202411081344/tools/bin/../lib/gcc/arm-none-eabi/13.3.1/../../../../arm-none-eabi/lib/thumb/v7e-m+fp/hard\libc_nano.a(libc_a-init.o)
                0x08001314                __libc_init_array
 *(.glue_7)
 .glue_7        0x0800135c        0x0 linker stubs
 *(.glue_7t)
 .glue_7t       0x0800135c        0x0 linker stubs
 *(.eh_frame)
 .eh_frame      0x0800135c        0x0 C:/ST/STM32CubeIDE_1.19.0/STM32CubeIDE/plugins/com.st.stm32cube.ide.mcu.externaltools.gnu-tools-for-stm32.13.3.rel1.win32_1.0.0.202411081344/tools/bin/../lib/gcc/arm-none-eabi/13.3.1/thumb/v7e-m+fp/hard/crtbegin.o
 *(.init)
 .init          0x0800135c        0x4 C:/ST/STM32CubeIDE_1.19.0/STM32CubeIDE/plugins/com.st.stm32cube.ide.mcu.externaltools.gnu-tools-for-stm32.13.3.rel1.win32_1.0.0.202411081344/tools/bin/../lib/gcc/arm-none-eabi/13.3.1/thumb/v7e-m+fp/hard/crti.o
                0x0800135c                _init
 .init          0x08001360        0x8 C:/ST/STM32CubeIDE_1.19.0/STM32CubeIDE/plugins/com.st.stm32cube.ide.mcu.externaltools.gnu-tools-for-stm32.13.3.rel1.win32_1.0.0.202411081344/tools/bin/../lib/gcc/arm-none-eabi/13.3.1/thumb/v7e-m+fp/hard/crtn.o
 *(.fini)
 .fini          0x08001368        0x4 C:/ST/STM32CubeIDE_1.19.0/STM32CubeIDE/plugins/com.st.stm32cube.ide.mcu.externaltools.gnu-tools-for-stm32.13.3.rel1.win32_1.0.0.202411081344/tools/bin/../lib/gcc/arm-none-eabi/13.3.1/thumb/v7e-m+fp/hard/crti.o
                0x08001368                _fini
 .fini          0x0800136c        0x8 C:/ST/STM32CubeIDE_1.19.0/STM32CubeIDE/plugins/com.st.stm32cube.ide.mcu.externaltools.gnu-tools-for-stm32.13.3.rel1.win32_1.0.0.202411081344/tools/bin/../lib/gcc/arm-none-eabi/13.3.1/thumb/v7e-m+fp/hard/crtn.o
                0x08001374                        . = ALIGN (0x4)
                0x08001374                        _etext = .

.vfp11_veneer   0x08001374        0x0
 .vfp11_veneer  0x08001374        0x0 linker stubs

.v4_bx          0x08001374        0x0
 .v4_bx         0x08001374        0x0 linker stubs

.iplt           0x08001374        0x0
 .iplt          0x08001374        0x0 C:/ST/STM32CubeIDE_1.19.0/STM32CubeIDE/plugins/com.st.stm32cube.ide.mcu.externaltools.gnu-tools-for-stm32.13.3.rel1.win32_1.0.0.202411081344/tools/bin/../lib/gcc/arm-none-eabi/13.3.1/thumb/v7e-m+fp/hard/crtbegin.o

.rodata         0x08001374       0x3c
                0x08001374                        . = ALIGN (0x4)
 *(.rodata)
 .rodata        0x08001374       0x17 ./Core/Src2/main.o
 *(.rodata*)
 .rodata.__utoa.str1.1
                0x0800138b       0x25 C:/ST/STM32CubeIDE_1.19.0/STM32CubeIDE/plugins/com.st.stm32cube.ide.mcu.externaltools.gnu-tools-for-stm32.13.3.rel1.win32_1.0.0.202411081344/tools/bin/../lib/gcc/arm-none-eabi/13.3.1/../../../../arm-none-eabi/lib/thumb/v7e-m+fp/hard\libc_nano.a(libc_a-utoa.o)
                0x080013b0                        . = ALIGN (0x4)

.ARM.extab      0x080013b0        0x0
                0x080013b0                        . = ALIGN (0x4)
 *(.ARM.extab* .gnu.linkonce.armextab.*)
                0x080013b0                        . = ALIGN (0x4)

.ARM            0x080013b0        0x0
                0x080013b0                        . = ALIGN (0x4)
                0x080013b0                        __exidx_start = .
 *(.ARM.exidx*)
                0x080013b0                        __exidx_end = .
                0x080013b0                        . = ALIGN (0x4)

.preinit_array  0x080013b0        0x0
                0x080013b0                        . = ALIGN (0x4)
                0x080013b0                        PROVIDE (__preinit_array_start = .)
 *(.preinit_array*)
                0x080013b0                        PROVIDE (__preinit_array_end = .)
                0x080013b0                        . = ALIGN (0x4)

.init_array     0x080013b0        0x4
                0x080013b0                        . = ALIGN (0x4)
                0x080013b0                        PROVIDE (__init_array_start = .)
 *(SORT_BY_NAME(.init_array.*))
 *(.init_array*)
 .init_array    0x080013b0        0x4 C:/ST/STM32CubeIDE_1.19.0/STM32CubeIDE/plugins/com.st.stm32cube.ide.mcu.externaltools.gnu-tools-for-stm32.13.3.rel1.win32_1.0.0.202411081344/tools/bin/../lib/gcc/arm-none-eabi/13.3.1/thumb/v7e-m+fp/hard/crtbegin.o
                0x080013b4                        PROVIDE (__init_array_end = .)
                0x080013b4                        . = ALIGN (0x4)

.fini_array     0x080013b4        0x4
                0x080013b4                        . = ALIGN (0x4)
                [!provide]                        PROVIDE (__fini_array_start = .)
 *(SORT_BY_NAME(.fini_array.*))
 *(.fini_array*)
 .fini_array    0x080013b4        0x4 C:/ST/STM32CubeIDE_1.19.0/STM32CubeIDE/plugins/com.st.stm32cube.ide.mcu.externaltools.gnu-tools-for-stm32.13.3.rel1.win32_1.0.0.202411081344/tools/bin/../lib/gcc/arm-none-eabi/13.3.1/thumb/v7e-m+fp/hard/crtbegin.o
                [!provide]                        PROVIDE (__fini_array_end = .)
                0x080013b8                        . = ALIGN (0x4)
                0x080013b8                        _sidata = LOADADDR (.data)

.rel.dyn        0x080013b8        0x0
 .rel.iplt      0x080013b8        0x0 C:/ST/STM32CubeIDE_1.19.0/STM32CubeIDE/plugins/com.st.stm32cube.ide.mcu.externaltools.gnu-tools-for-stm32.13.3.rel1.win32_1.0.0.202411081344/tools/bin/../lib/gcc/arm-none-eabi/13.3.1/thumb/v7e-m+fp/hard/crtbegin.o

.data           0x20000000       0x14 load address 0x080013b8
                0x20000000                        . = ALIGN (0x4)
                0x20000000                        _sdata = .
 *(.data)
 *(.data*)
 .data.AHB_PreScaler
                0x20000000       0x10 ./Drivers/src/stm32f401xx_rcc_driver.o
                0x20000000                AHB_PreScaler
 .data.APB1_PreScaler
                0x20000010        0x4 ./Drivers/src/stm32f401xx_rcc_driver.o
                0x20000010                APB1_PreScaler
 *(.RamFunc)
 *(.RamFunc*)
                0x20000014                        . = ALIGN (0x4)
                0x20000014                        _edata = .

.igot.plt       0x20000014        0x0 load address 0x080013cc
 .igot.plt      0x20000014        0x0 C:/ST/STM32CubeIDE_1.19.0/STM32CubeIDE/plugins/com.st.stm32cube.ide.mcu.externaltools.gnu-tools-for-stm32.13.3.rel1.win32_1.0.0.202411081344/tools/bin/../lib/gcc/arm-none-eabi/13.3.1/thumb/v7e-m+fp/hard/crtbegin.o
                0x20000014                        . = ALIGN (0x4)

.bss            0x20000014       0x20 load address 0x080013cc
                0x20000014                        _sbss = .
                0x20000014                        __bss_start__ = _sbss
 *(.bss)
 .bss           0x20000014       0x1c C:/ST/STM32CubeIDE_1.19.0/STM32CubeIDE/plugins/com.st.stm32cube.ide.mcu.externaltools.gnu-tools-for-stm32.13.3.rel1.win32_1.0.0.202411081344/tools/bin/../lib/gcc/arm-none-eabi/13.3.1/thumb/v7e-m+fp/hard/crtbegin.o
 *(.bss*)
 .bss.count     0x20000030        0x4 ./Services/src/TIMERs_Baremetal.o
                0x20000030                count
 *(COMMON)
                0x20000034                        . = ALIGN (0x4)
                0x20000034                        _ebss = .
                0x20000034                        __bss_end__ = _ebss

._user_heap_stack
                0x20000034      0x604 load address 0x080013cc
                0x20000038                        . = ALIGN (0x8)
 *fill*         0x20000034        0x4 
                [!provide]                        PROVIDE (end = .)
                0x20000038                        PROVIDE (_end = .)
                0x20000238                        . = (. + _Min_Heap_Size)
 *fill*         0x20000038      0x200 
                0x20000638                        . = (. + _Min_Stack_Size)
 *fill*         0x20000238      0x400 
                0x20000638                        . = ALIGN (0x8)

/DISCARD/
 libc.a(*)
 libm.a(*)
 libgcc.a(*)

.ARM.attributes
                0x00000000       0x30
 *(.ARM.attributes)
 .ARM.attributes
                0x00000000       0x22 C:/ST/STM32CubeIDE_1.19.0/STM32CubeIDE/plugins/com.st.stm32cube.ide.mcu.externaltools.gnu-tools-for-stm32.13.3.rel1.win32_1.0.0.202411081344/tools/bin/../lib/gcc/arm-none-eabi/13.3.1/thumb/v7e-m+fp/hard/crti.o
 .ARM.attributes
                0x00000022       0x34 C:/ST/STM32CubeIDE_1.19.0/STM32CubeIDE/plugins/com.st.stm32cube.ide.mcu.externaltools.gnu-tools-for-stm32.13.3.rel1.win32_1.0.0.202411081344/tools/bin/../lib/gcc/arm-none-eabi/13.3.1/thumb/v7e-m+fp/hard/crtbegin.o
 .ARM.attributes
                0x00000056       0x34 ./Core/Src2/main.o
 .ARM.attributes
                0x0000008a       0x21 ./Core/Startup2/startup_stm32f401retx.o
 .ARM.attributes
                0x000000ab       0x34 ./Drivers/src/stm32f401xx_gpio_driver.o
 .ARM.attributes
                0x000000df       0x34 ./Drivers/src/stm32f401xx_i2c_driver.o
 .ARM.attributes
                0x00000113       0x34 ./Drivers/src/stm32f401xx_rcc_driver.o
 .ARM.attributes
                0x00000147       0x34 ./Services/src/TIMERs_Baremetal.o
 .ARM.attributes
                0x0000017b       0x34 ./Services/src/USART_Baremetal.o
 .ARM.attributes
                0x000001af       0x34 C:/ST/STM32CubeIDE_1.19.0/STM32CubeIDE/plugins/com.st.stm32cube.ide.mcu.externaltools.gnu-tools-for-stm32.13.3.rel1.win32_1.0.0.202411081344/tools/bin/../lib/gcc/arm-none-eabi/13.3.1/../../../../arm-none-eabi/lib/thumb/v7e-m+fp/hard\libc_nano.a(libc_a-itoa.o)
 .ARM.attributes
                0x000001e3       0x34 C:/ST/STM32CubeIDE_1.19.0/STM32CubeIDE/plugins/com.st.stm32cube.ide.mcu.externaltools.gnu-tools-for-stm32.13.3.rel1.win32_1.0.0.202411081344/tools/bin/../lib/gcc/arm-none-eabi/13.3.1/../../../../arm-none-eabi/lib/thumb/v7e-m+fp/hard\libc_nano.a(libc_a-utoa.o)
 .ARM.attributes
                0x00000217       0x34 C:/ST/STM32CubeIDE_1.19.0/STM32CubeIDE/plugins/com.st.stm32cube.ide.mcu.externaltools.gnu-tools-for-stm32.13.3.rel1.win32_1.0.0.202411081344/tools/bin/../lib/gcc/arm-none-eabi/13.3.1/../../../../arm-none-eabi/lib/thumb/v7e-m+fp/hard\libc_nano.a(libc_a-init.o)
 .ARM.attributes
                0x0000024b       0x22 C:/ST/STM32CubeIDE_1.19.0/STM32CubeIDE/plugins/com.st.stm32cube.ide.mcu.externaltools.gnu-tools-for-stm32.13.3.rel1.win32_1.0.0.202411081344/tools/bin/../lib/gcc/arm-none-eabi/13.3.1/thumb/v7e-m+fp/hard/crtn.o
OUTPUT(stm32f401re_project.elf elf32-littlearm)
LOAD linker stubs
LOAD C:/ST/STM32CubeIDE_1.19.0/STM32CubeIDE/plugins/com.st.stm32cube.ide.mcu.externaltools.gnu-tools-for-stm32.13.3.rel1.win32_1.0.0.202411081344/tools/bin/../lib/gcc/arm-none-eabi/13.3.1/../../../../arm-none-eabi/lib/thumb/v7e-m+fp/hard\libc.a
LOAD C:/ST/STM32CubeIDE_1.19.0/STM32CubeIDE/plugins/com.st.stm32cube.ide.mcu.externaltools.gnu-tools-for-stm32.13.3.rel1.win32_1.0.0.202411081344/tools/bin/../lib/gcc/arm-none-eabi/13.3.1/../../../../arm-none-eabi/lib/thumb/v7e-m+fp/hard\libm.a
LOAD C:/ST/STM32CubeIDE_1.19.0/STM32CubeIDE/plugins/com.st.stm32cube.ide.mcu.externaltools.gnu-tools-for-stm32.13.3.rel1.win32_1.0.0.202411081344/tools/bin/../lib/gcc/arm-none-eabi/13.3.1/thumb/v7e-m+fp/hard\libgcc.a

.debug_info     0x00000000     0x26c7
 .debug_info    0x00000000      0x6d8 ./Core/Src2/main.o
 .debug_info    0x000006d8       0x30 ./Core/Startup2/startup_stm32f401retx.o
 .debug_info    0x00000708      0x739 ./Drivers/src/stm32f401xx_gpio_driver.o
 .debug_info    0x00000e41      0xa47 ./Drivers/src/stm32f401xx_i2c_driver.o
 .debug_info    0x00001888      0x3f0 ./Drivers/src/stm32f401xx_rcc_driver.o
 .debug_info    0x00001c78      0x5f2 ./Services/src/TIMERs_Baremetal.o
 .debug_info    0x0000226a      0x45d ./Services/src/USART_Baremetal.o

.debug_abbrev   0x00000000      0xa89
 .debug_abbrev  0x00000000      0x1b3 ./Core/Src2/main.o
 .debug_abbrev  0x000001b3       0x24 ./Core/Startup2/startup_stm32f401retx.o
 .debug_abbrev  0x000001d7      0x19e ./Drivers/src/stm32f401xx_gpio_driver.o
 .debug_abbrev  0x00000375      0x2b1 ./Drivers/src/stm32f401xx_i2c_driver.o
 .debug_abbrev  0x00000626      0x10a ./Drivers/src/stm32f401xx_rcc_driver.o
 .debug_abbrev  0x00000730      0x1c0 ./Services/src/TIMERs_Baremetal.o
 .debug_abbrev  0x000008f0      0x199 ./Services/src/USART_Baremetal.o

.debug_aranges  0x00000000      0x290
 .debug_aranges
                0x00000000       0x38 ./Core/Src2/main.o
 .debug_aranges
                0x00000038       0x28 ./Core/Startup2/startup_stm32f401retx.o
 .debug_aranges
                0x00000060       0x70 ./Drivers/src/stm32f401xx_gpio_driver.o
 .debug_aranges
                0x000000d0       0xe8 ./Drivers/src/stm32f401xx_i2c_driver.o
 .debug_aranges
                0x000001b8       0x30 ./Drivers/src/stm32f401xx_rcc_driver.o
 .debug_aranges
                0x000001e8       0x60 ./Services/src/TIMERs_Baremetal.o
 .debug_aranges
                0x00000248       0x48 ./Services/src/USART_Baremetal.o

.debug_rnglists
                0x00000000      0x1e0
 .debug_rnglists
                0x00000000       0x26 ./Core/Src2/main.o
 .debug_rnglists
                0x00000026       0x19 ./Core/Startup2/startup_stm32f401retx.o
 .debug_rnglists
                0x0000003f       0x53 ./Drivers/src/stm32f401xx_gpio_driver.o
 .debug_rnglists
                0x00000092       0xb4 ./Drivers/src/stm32f401xx_i2c_driver.o
 .debug_rnglists
                0x00000146       0x22 ./Drivers/src/stm32f401xx_rcc_driver.o
 .debug_rnglists
                0x00000168       0x46 ./Services/src/TIMERs_Baremetal.o
 .debug_rnglists
                0x000001ae       0x32 ./Services/src/USART_Baremetal.o

.debug_macro    0x00000000     0x2e92
 .debug_macro   0x00000000      0x1bf ./Core/Src2/main.o
 .debug_macro   0x000001bf      0xae4 ./Core/Src2/main.o
 .debug_macro   0x00000ca3       0x22 ./Core/Src2/main.o
 .debug_macro   0x00000cc5       0x8e ./Core/Src2/main.o
 .debug_macro   0x00000d53       0x51 ./Core/Src2/main.o
 .debug_macro   0x00000da4      0x103 ./Core/Src2/main.o
 .debug_macro   0x00000ea7       0x6a ./Core/Src2/main.o
 .debug_macro   0x00000f11      0x1df ./Core/Src2/main.o
 .debug_macro   0x000010f0       0x61 ./Core/Src2/main.o
 .debug_macro   0x00001151       0x2a ./Core/Src2/main.o
 .debug_macro   0x0000117b       0x43 ./Core/Src2/main.o
 .debug_macro   0x000011be       0x34 ./Core/Src2/main.o
 .debug_macro   0x000011f2      0x190 ./Core/Src2/main.o
 .debug_macro   0x00001382      0x370 ./Core/Src2/main.o
 .debug_macro   0x000016f2       0x16 ./Core/Src2/main.o
 .debug_macro   0x00001708       0x4a ./Core/Src2/main.o
 .debug_macro   0x00001752       0x34 ./Core/Src2/main.o
 .debug_macro   0x00001786       0x10 ./Core/Src2/main.o
 .debug_macro   0x00001796       0x58 ./Core/Src2/main.o
 .debug_macro   0x000017ee       0x8e ./Core/Src2/main.o
 .debug_macro   0x0000187c       0x1c ./Core/Src2/main.o
 .debug_macro   0x00001898      0x185 ./Core/Src2/main.o
 .debug_macro   0x00001a1d       0x10 ./Core/Src2/main.o
 .debug_macro   0x00001a2d       0x3c ./Core/Src2/main.o
 .debug_macro   0x00001a69       0x20 ./Core/Src2/main.o
 .debug_macro   0x00001a89      0xc90 ./Core/Src2/main.o
 .debug_macro   0x00002719       0xd0 ./Core/Src2/main.o
 .debug_macro   0x000027e9      0x124 ./Core/Src2/main.o
 .debug_macro   0x0000290d       0x16 ./Core/Src2/main.o
 .debug_macro   0x00002923       0x16 ./Core/Src2/main.o
 .debug_macro   0x00002939       0x29 ./Core/Src2/main.o
 .debug_macro   0x00002962       0x8a ./Drivers/src/stm32f401xx_gpio_driver.o
 .debug_macro   0x000029ec       0x94 ./Drivers/src/stm32f401xx_i2c_driver.o
 .debug_macro   0x00002a80       0x85 ./Drivers/src/stm32f401xx_rcc_driver.o
 .debug_macro   0x00002b05       0x85 ./Services/src/TIMERs_Baremetal.o
 .debug_macro   0x00002b8a      0x151 ./Services/src/USART_Baremetal.o
 .debug_macro   0x00002cdb      0x11c ./Services/src/USART_Baremetal.o
 .debug_macro   0x00002df7       0x9b ./Services/src/USART_Baremetal.o

.debug_line     0x00000000     0x3437
 .debug_line    0x00000000      0x774 ./Core/Src2/main.o
 .debug_line    0x00000774       0x7b ./Core/Startup2/startup_stm32f401retx.o
 .debug_line    0x000007ef      0x982 ./Drivers/src/stm32f401xx_gpio_driver.o
 .debug_line    0x00001171      0xe53 ./Drivers/src/stm32f401xx_i2c_driver.o
 .debug_line    0x00001fc4      0x61e ./Drivers/src/stm32f401xx_rcc_driver.o
 .debug_line    0x000025e2      0x6ee ./Services/src/TIMERs_Baremetal.o
 .debug_line    0x00002cd0      0x767 ./Services/src/USART_Baremetal.o

.debug_str      0x00000000     0xb88e
 .debug_str     0x00000000     0xb88e ./Core/Src2/main.o
                               0xb2d4 (size before relaxing)
 .debug_str     0x0000b88e       0x7f ./Core/Startup2/startup_stm32f401retx.o
 .debug_str     0x0000b88e     0x7c0d ./Drivers/src/stm32f401xx_gpio_driver.o
 .debug_str     0x0000b88e     0x7e3f ./Drivers/src/stm32f401xx_i2c_driver.o
 .debug_str     0x0000b88e     0x77f1 ./Drivers/src/stm32f401xx_rcc_driver.o
 .debug_str     0x0000b88e     0x78b0 ./Services/src/TIMERs_Baremetal.o
 .debug_str     0x0000b88e     0xaa75 ./Services/src/USART_Baremetal.o

.comment        0x00000000       0x43
 .comment       0x00000000       0x43 ./Core/Src2/main.o
                                 0x44 (size before relaxing)
 .comment       0x00000043       0x44 ./Drivers/src/stm32f401xx_gpio_driver.o
 .comment       0x00000043       0x44 ./Drivers/src/stm32f401xx_i2c_driver.o
 .comment       0x00000043       0x44 ./Drivers/src/stm32f401xx_rcc_driver.o
 .comment       0x00000043       0x44 ./Services/src/TIMERs_Baremetal.o
 .comment       0x00000043       0x44 ./Services/src/USART_Baremetal.o

.debug_frame    0x00000000      0x9c0
 .debug_frame   0x00000000       0xa4 ./Core/Src2/main.o
 .debug_frame   0x000000a4      0x1c8 ./Drivers/src/stm32f401xx_gpio_driver.o
 .debug_frame   0x0000026c      0x3f8 ./Drivers/src/stm32f401xx_i2c_driver.o
 .debug_frame   0x00000664       0x84 ./Drivers/src/stm32f401xx_rcc_driver.o
 .debug_frame   0x000006e8      0x13c ./Services/src/TIMERs_Baremetal.o
 .debug_frame   0x00000824       0xf0 ./Services/src/USART_Baremetal.o
 .debug_frame   0x00000914       0x38 C:/ST/STM32CubeIDE_1.19.0/STM32CubeIDE/plugins/com.st.stm32cube.ide.mcu.externaltools.gnu-tools-for-stm32.13.3.rel1.win32_1.0.0.202411081344/tools/bin/../lib/gcc/arm-none-eabi/13.3.1/../../../../arm-none-eabi/lib/thumb/v7e-m+fp/hard\libc_nano.a(libc_a-itoa.o)
 .debug_frame   0x0000094c       0x48 C:/ST/STM32CubeIDE_1.19.0/STM32CubeIDE/plugins/com.st.stm32cube.ide.mcu.externaltools.gnu-tools-for-stm32.13.3.rel1.win32_1.0.0.202411081344/tools/bin/../lib/gcc/arm-none-eabi/13.3.1/../../../../arm-none-eabi/lib/thumb/v7e-m+fp/hard\libc_nano.a(libc_a-utoa.o)
 .debug_frame   0x00000994       0x2c C:/ST/STM32CubeIDE_1.19.0/STM32CubeIDE/plugins/com.st.stm32cube.ide.mcu.externaltools.gnu-tools-for-stm32.13.3.rel1.win32_1.0.0.202411081344/tools/bin/../lib/gcc/arm-none-eabi/13.3.1/../../../../arm-none-eabi/lib/thumb/v7e-m+fp/hard\libc_nano.a(libc_a-init.o)

.debug_line_str
                0x00000000       0x63
 .debug_line_str
                0x00000000       0x63 ./Core/Startup2/startup_stm32f401retx.o
